---
source: tket-qsystem/src/llvm/globals.rs
expression: mod_str
---
; ModuleID = 'test_context'
source_filename = "test_context"

@__globals__.my_global = global { i1, i16 } { i1 false, i16 poison }

define internal i1 @_hl.main.1(ptr %0, i1 %1, i16 %2) {
alloca_block:
  br label %entry_block

entry_block:                                      ; preds = %alloca_block
  %start_value = load { i1, i16 }, ptr @__globals__.my_global, align 2
  %3 = extractvalue { i1, i16 } %start_value, 1
  %call_func = call { i16, i1 } %0(i16 %3, i1 %1, i16 %2)
  %4 = extractvalue { i16, i1 } %call_func, 0
  %5 = extractvalue { i16, i1 } %call_func, 1
  %6 = insertvalue { i1, i16 } { i1 true, i16 poison }, i16 %4, 1
  store { i1, i16 } %6, ptr @__globals__.my_global, align 2
  ret i1 %5
}
